// Jest Snapshot v1, https://goo.gl/fbAQLP

exports[`Landing renders the component 1`] = `
<div class="content">
  <div class="title">Currency Converter</div>
  <div class="description">All our data is provided for free, and as-is without any warranty.</div>
  <checkrates-stub></checkrates-stub>
  <rates-stub class="rates"></rates-stub>
  <error-stub></error-stub>
</div>
`;
