// Jest Snapshot v1, https://goo.gl/fbAQLP

exports[`Select regression test 1`] = `
<select
  class="select-css"
>
  <option
    value="BTC"
  >
    
        BTC
    
  </option>
  <option
    value="ETH"
  >
    
        ETH
    
  </option>
  <option
    value="DASH"
  >
    
        DASH
    
  </option>
  <option
    value="BAT"
  >
    
        BAT
    
  </option>
</select>
`;
